## 创建卷组与分区关联，且更改分区为可扩展的文件系统

创建新卷组 `nfs` 与分区 `/dev/sdb1` 关联，且更改分区 `/dev/sdb1` 为可扩展的文件系统 `Linux LVM` 方便以后空间不足时动态扩展。

> 分区 `/dev/sdb1` 原文件系统为 `Linux`，现将其改为 `Linux LVM`。（`Linux LVM` 可以动态扩展，但 `Linux` 不行）

### Author

[lj1218](mailto:lj_ebox@163.com)

### 命令概览

```bash
# 查看磁盘分区信息
fdisk -l

# 卸载分区
umount /dev/sdb1

# 配置分区
fdisk /dev/sdb

# 重读分区表
partprobe

# 创建物理卷
pvcreate /dev/sdb1

# 扫描物理卷
pvscan

# 创建卷组
vgcreate nfs /dev/sdb1

# 扫描卷组
vgscan

# 查看卷组信息
vgdisplay

# 将 vg nfs 所有空间分配给 lv data (25599为PE数)
lvcreate -l25599 -n data nfs

# 以xfs文件系统格式，格式化逻辑卷
mkfs.xfs /dev/nfs/data

# 挂载逻辑卷到 /nfs/data
mount /dev/nfs/data /nfs/data

# 查看磁盘信息
df -hT

# 配置 fstab
vi /etc/fstab
```

### 命令详述

1. 查看 fstab

  ```bash
  $ cat /etc/fstab

  #
  # /etc/fstab
  # Created by anaconda on Sat Jul  1 03:32:12 2017
  #
  # Accessible filesystems, by reference, are maintained under '/dev/disk'
  # See man pages fstab(5), findfs(8), mount(8) and/or blkid(8) for more info
  #
  /dev/mapper/centos-root /                       xfs     defaults        0 0
  UUID=9eddaede-f69b-4bca-b146-dc1c0553aedc /boot                   xfs     defaults        0 0
  /dev/mapper/centos-home /home                   xfs     defaults        0 0
  /dev/mapper/centos-swap swap                    swap    defaults        0 0
  /dev/sdb1 		/nfs/data               xfs     defaults        0 0
  ```

2. 查看磁盘分区信息

  ```bash
  $ fdisk -l

  Disk /dev/sdb: 107.4 GB, 107374182400 bytes, 209715200 sectors
  Units = sectors of 1 * 512 = 512 bytes
  Sector size (logical/physical): 512 bytes / 512 bytes
  I/O size (minimum/optimal): 512 bytes / 512 bytes
  Disk label type: dos
  Disk identifier: 0xe1c7b73e

  Device Boot      Start         End      Blocks   Id  System
  /dev/sdb1            2048   209715199   104856576   83  Linux

  Disk /dev/sda: 107.4 GB, 107374182400 bytes, 209715200 sectors
  Units = sectors of 1 * 512 = 512 bytes
  Sector size (logical/physical): 512 bytes / 512 bytes
  I/O size (minimum/optimal): 512 bytes / 512 bytes
  Disk label type: dos
  Disk identifier: 0x000e712a

  Device Boot      Start         End      Blocks   Id  System
  /dev/sda1   *        2048     1026047      512000   83  Linux
  /dev/sda2         1026048   209715199   104344576   8e  Linux LVM

  Disk /dev/mapper/centos-root: 53.7 GB, 53687091200 bytes, 104857600 sectors
  Units = sectors of 1 * 512 = 512 bytes
  Sector size (logical/physical): 512 bytes / 512 bytes
  I/O size (minimum/optimal): 512 bytes / 512 bytes


  Disk /dev/mapper/centos-swap: 8455 MB, 8455716864 bytes, 16515072 sectors
  Units = sectors of 1 * 512 = 512 bytes
  Sector size (logical/physical): 512 bytes / 512 bytes
  I/O size (minimum/optimal): 512 bytes / 512 bytes


  Disk /dev/mapper/centos-home: 44.6 GB, 44635783168 bytes, 87179264 sectors
  Units = sectors of 1 * 512 = 512 bytes
  Sector size (logical/physical): 512 bytes / 512 bytes
  I/O size (minimum/optimal): 512 bytes / 512 bytes
  ```

3. 查看磁盘信息

  ```bash
  $ df -hT
  Filesystem              Type      Size  Used Avail Use% Mounted on
  /dev/mapper/centos-root xfs        50G   11G   40G  21% /
  devtmpfs                devtmpfs  7.8G     0  7.8G   0% /dev
  tmpfs                   tmpfs     7.8G     0  7.8G   0% /dev/shm
  tmpfs                   tmpfs     7.8G  8.5M  7.8G   1% /run
  tmpfs                   tmpfs     7.8G     0  7.8G   0% /sys/fs/cgroup
  /dev/sdb1               xfs       100G   33M  100G   1% /nfs/data
  /dev/sda1               xfs       497M  217M  280M  44% /boot
  /dev/mapper/centos-home xfs        42G  429M   42G   2% /home
  tmpfs                   tmpfs     1.6G     0  1.6G   0% /run/user/0
  ```

4. 查看逻辑卷、卷组信息

  ```bash
  $ lvdisplay
  --- Logical volume ---
  LV Path                /dev/centos/swap
  LV Name                swap
  VG Name                centos
  LV UUID                7cwBs8-kjaz-2GUQ-RTHy-f0Ex-gThY-rvVa67
  LV Write Access        read/write
  LV Creation host, time nfs.paas.dev, 2017-07-01 03:32:10 +0800
  LV Status              available
  # open                 2
  LV Size                7.88 GiB
  Current LE             2016
  Segments               1
  Allocation             inherit
  Read ahead sectors     auto
  - currently set to     8192
  Block device           253:1

  --- Logical volume ---
  LV Path                /dev/centos/home
  LV Name                home
  VG Name                centos
  LV UUID                xGzjMt-hDHe-RL9f-e5wC-cyeG-GekX-vjXjBr
  LV Write Access        read/write
  LV Creation host, time nfs.paas.dev, 2017-07-01 03:32:10 +0800
  LV Status              available
  # open                 1
  LV Size                41.57 GiB
  Current LE             10642
  Segments               1
  Allocation             inherit
  Read ahead sectors     auto
  - currently set to     8192
  Block device           253:2

  --- Logical volume ---
  LV Path                /dev/centos/root
  LV Name                root
  VG Name                centos
  LV UUID                0KPwIx-DqvO-mcsH-p3tY-eLqx-69C3-syL4yF
  LV Write Access        read/write
  LV Creation host, time nfs.paas.dev, 2017-07-01 03:32:10 +0800
  LV Status              available
  # open                 1
  LV Size                50.00 GiB
  Current LE             12800
  Segments               1
  Allocation             inherit
  Read ahead sectors     auto
  - currently set to     8192
  Block device           253:0

  $ vgdisplay
  --- Volume group ---
  VG Name               centos
  System ID
  Format                lvm2
  Metadata Areas        1
  Metadata Sequence No  4
  VG Access             read/write
  VG Status             resizable
  MAX LV                0
  Cur LV                3
  Open LV               3
  Max PV                0
  Cur PV                1
  Act PV                1
  VG Size               99.51 GiB
  PE Size               4.00 MiB
  Total PE              25474
  Alloc PE / Size       25458 / 99.45 GiB
  Free  PE / Size       16 / 64.00 MiB
  VG UUID               3eqQyd-9QJt-fyDL-crW2-jlN0-0tfZ-JCR91x
  ```

5. 修改分区文件系统类型

  ```bash
  $ fdisk /dev/sdb
  Welcome to fdisk (util-linux 2.23.2).

  Changes will remain in memory only, until you decide to write them.
  Be careful before using the write command.


  Command (m for help): p

  Disk /dev/sdb: 107.4 GB, 107374182400 bytes, 209715200 sectors
  Units = sectors of 1 * 512 = 512 bytes
  Sector size (logical/physical): 512 bytes / 512 bytes
  I/O size (minimum/optimal): 512 bytes / 512 bytes
  Disk label type: dos
  Disk identifier: 0xe1c7b73e

  Device Boot      Start         End      Blocks   Id  System
  /dev/sdb1            2048   209715199   104856576   83  Linux

  Command (m for help): m
  Command action
  a   toggle a bootable flag
  b   edit bsd disklabel
  c   toggle the dos compatibility flag
  d   delete a partition
  g   create a new empty GPT partition table
  G   create an IRIX (SGI) partition table
  l   list known partition types
  m   print this menu
  n   add a new partition
  o   create a new empty DOS partition table
  p   print the partition table
  q   quit without saving changes
  s   create a new empty Sun disklabel
  t   change a partition's system id
  u   change display/entry units
  v   verify the partition table
  w   write table to disk and exit
  x   extra functionality (experts only)

  Command (m for help): t
  Selected partition 1
  Hex code (type L to list all codes): L

  0  Empty           24  NEC DOS         81  Minix / old Lin bf  Solaris
  1  FAT12           27  Hidden NTFS Win 82  Linux swap / So c1  DRDOS/sec (FAT-
  2  XENIX root      39  Plan 9          83  Linux           c4  DRDOS/sec (FAT-
  3  XENIX usr       3c  PartitionMagic  84  OS/2 hidden C:  c6  DRDOS/sec (FAT-
  4  FAT16 <32M      40  Venix 80286     85  Linux extended  c7  Syrinx
  5  Extended        41  PPC PReP Boot   86  NTFS volume set da  Non-FS data
  6  FAT16           42  SFS             87  NTFS volume set db  CP/M / CTOS / .
  7  HPFS/NTFS/exFAT 4d  QNX4.x          88  Linux plaintext de  Dell Utility
  8  AIX             4e  QNX4.x 2nd part 8e  Linux LVM       df  BootIt
  9  AIX bootable    4f  QNX4.x 3rd part 93  Amoeba          e1  DOS access
  a  OS/2 Boot Manag 50  OnTrack DM      94  Amoeba BBT      e3  DOS R/O
  b  W95 FAT32       51  OnTrack DM6 Aux 9f  BSD/OS          e4  SpeedStor
  c  W95 FAT32 (LBA) 52  CP/M            a0  IBM Thinkpad hi eb  BeOS fs
  e  W95 FAT16 (LBA) 53  OnTrack DM6 Aux a5  FreeBSD         ee  GPT
  f  W95 Ext'd (LBA) 54  OnTrackDM6      a6  OpenBSD         ef  EFI (FAT-12/16/
  10  OPUS            55  EZ-Drive        a7  NeXTSTEP        f0  Linux/PA-RISC b
  11  Hidden FAT12    56  Golden Bow      a8  Darwin UFS      f1  SpeedStor
  12  Compaq diagnost 5c  Priam Edisk     a9  NetBSD          f4  SpeedStor
  14  Hidden FAT16 <3 61  SpeedStor       ab  Darwin boot     f2  DOS secondary
  16  Hidden FAT16    63  GNU HURD or Sys af  HFS / HFS+      fb  VMware VMFS
  17  Hidden HPFS/NTF 64  Novell Netware  b7  BSDI fs         fc  VMware VMKCORE
  18  AST SmartSleep  65  Novell Netware  b8  BSDI swap       fd  Linux raid auto
  1b  Hidden W95 FAT3 70  DiskSecure Mult bb  Boot Wizard hid fe  LANstep
  1c  Hidden W95 FAT3 75  PC/IX           be  Solaris boot    ff  BBT
  1e  Hidden W95 FAT1 80  Old Minix
  Hex code (type L to list all codes): 8e
  Changed type of partition 'Linux' to 'Linux LVM'

  Command (m for help): p

  Disk /dev/sdb: 107.4 GB, 107374182400 bytes, 209715200 sectors
  Units = sectors of 1 * 512 = 512 bytes
  Sector size (logical/physical): 512 bytes / 512 bytes
  I/O size (minimum/optimal): 512 bytes / 512 bytes
  Disk label type: dos
  Disk identifier: 0xe1c7b73e

  Device Boot      Start         End      Blocks   Id  System
  /dev/sdb1            2048   209715199   104856576   8e  Linux LVM

  Command (m for help): w
  The partition table has been altered!

  Calling ioctl() to re-read partition table.

  WARNING: Re-reading the partition table failed with error 16: Device or resource busy.
  The kernel still uses the old table. The new table will be used at
  the next reboot or after you run partprobe(8) or kpartx(8)
  Syncing disks.
  ```

6. 卸载文件系统

  ```bash
  $ umount /dev/sdb1
  ```

7. 重读分区表

  > 文件系统 `/dev/sdb1` 已卸载，因此根据第5步提示重读分区表

  ```bash
  $ partprobe
  ```

8. 创建物理卷

  - 查看物理卷

    ```bash
    $ pvdisplay
      --- Physical volume ---
      PV Name               /dev/sda2
      VG Name               centos
      PV Size               99.51 GiB / not usable 3.00 MiB
      Allocatable           yes
      PE Size               4.00 MiB
      Total PE              25474
      Free PE               16
      Allocated PE          25458
      PV UUID               dnzCbH-FbKu-Hd2S-bTgc-280Y-euRs-BXlK2I
    ```

  - 创建物理卷

    ```bash
    $ pvcreate /dev/sdb1
    WARNING: xfs signature detected on /dev/sdb1 at offset 0. Wipe it? [y/n]: y
    Wiping xfs signature on /dev/sdb1.
    Physical volume "/dev/sdb1" successfully created.

    $ pvscan
      PV /dev/sda2   VG centos          lvm2 [99.51 GiB / 64.00 MiB free]
      PV /dev/sdb1                      lvm2 [100.00 GiB]
      Total: 2 [199.51 GiB] / in use: 1 [99.51 GiB] / in no VG: 1 [100.00 GiB]
    ```

9. 创建卷组`nfs`

  ```bash
  $ vgscan
    Reading volume groups from cache.
    Found volume group "centos" using metadata type lvm2

  $ vgcreate nfs /dev/sdb1
    Volume group "nfs" successfully created

  $ vgscan
    Reading volume groups from cache.
    Found volume group "nfs" using metadata type lvm2
    Found volume group "centos" using metadata type lvm2

  $ vgdisplay
    --- Volume group ---
    VG Name               nfs
    System ID
    Format                lvm2
    Metadata Areas        1
    Metadata Sequence No  1
    VG Access             read/write
    VG Status             resizable
    MAX LV                0
    Cur LV                0
    Open LV               0
    Max PV                0
    Cur PV                1
    Act PV                1
    VG Size               100.00 GiB
    PE Size               4.00 MiB
    Total PE              25599
    Alloc PE / Size       0 / 0
    Free  PE / Size       25599 / 100.00 GiB
    VG UUID               6IHAz7-mqp3-KKNj-0lwF-p4Yd-JAgw-DreWcf

    --- Volume group ---
    VG Name               centos
    System ID
    Format                lvm2
    Metadata Areas        1
    Metadata Sequence No  4
    VG Access             read/write
    VG Status             resizable
    MAX LV                0
    Cur LV                3
    Open LV               3
    Max PV                0
    Cur PV                1
    Act PV                1
    VG Size               99.51 GiB
    PE Size               4.00 MiB
    Total PE              25474
    Alloc PE / Size       25458 / 99.45 GiB
    Free  PE / Size       16 / 64.00 MiB
    VG UUID               3eqQyd-9QJt-fyDL-crW2-jlN0-0tfZ-JCR91x
  ```

10. 创建逻辑卷`data`

  ```bash
  $ lvcreate -l25599 -n data nfs
    Logical volume "data" created.

  $ lvdisplay
    --- Logical volume ---
    LV Path                /dev/nfs/data
    LV Name                data
    VG Name                nfs
    LV UUID                gj9fXU-cV1v-kppd-2FDG-oEe0-Lf8o-JAhiTU
    LV Write Access        read/write
    LV Creation host, time nfs.paas.dev, 2017-07-12 01:57:31 +0800
    LV Status              available
    # open                 0
    LV Size                100.00 GiB
    Current LE             25599
    Segments               1
    Allocation             inherit
    Read ahead sectors     auto
    - currently set to     8192
    Block device           253:3

    --- Logical volume ---
    LV Path                /dev/centos/swap
    LV Name                swap
    VG Name                centos
    LV UUID                7cwBs8-kjaz-2GUQ-RTHy-f0Ex-gThY-rvVa67
    LV Write Access        read/write
    LV Creation host, time nfs.paas.dev, 2017-07-01 03:32:10 +0800
    LV Status              available
    # open                 2
    LV Size                7.88 GiB
    Current LE             2016
    Segments               1
    Allocation             inherit
    Read ahead sectors     auto
    - currently set to     8192
    Block device           253:1

    --- Logical volume ---
    LV Path                /dev/centos/home
    LV Name                home
    VG Name                centos
    LV UUID                xGzjMt-hDHe-RL9f-e5wC-cyeG-GekX-vjXjBr
    LV Write Access        read/write
    LV Creation host, time nfs.paas.dev, 2017-07-01 03:32:10 +0800
    LV Status              available
    # open                 1
    LV Size                41.57 GiB
    Current LE             10642
    Segments               1
    Allocation             inherit
    Read ahead sectors     auto
    - currently set to     8192
    Block device           253:2

    --- Logical volume ---
    LV Path                /dev/centos/root
    LV Name                root
    VG Name                centos
    LV UUID                0KPwIx-DqvO-mcsH-p3tY-eLqx-69C3-syL4yF
    LV Write Access        read/write
    LV Creation host, time nfs.paas.dev, 2017-07-01 03:32:10 +0800
    LV Status              available
    # open                 1
    LV Size                50.00 GiB
    Current LE             12800
    Segments               1
    Allocation             inherit
    Read ahead sectors     auto
    - currently set to     8192
    Block device           253:0
  ```

11. 查看卷组信息

  ```bash
  $ vgdisplay
    --- Volume group ---
    VG Name               nfs
    System ID
    Format                lvm2
    Metadata Areas        1
    Metadata Sequence No  2
    VG Access             read/write
    VG Status             resizable
    MAX LV                0
    Cur LV                1
    Open LV               0
    Max PV                0
    Cur PV                1
    Act PV                1
    VG Size               100.00 GiB
    PE Size               4.00 MiB
    Total PE              25599
    Alloc PE / Size       25599 / 100.00 GiB
    Free  PE / Size       0 / 0
    VG UUID               6IHAz7-mqp3-KKNj-0lwF-p4Yd-JAgw-DreWcf

    --- Volume group ---
    VG Name               centos
    System ID
    Format                lvm2
    Metadata Areas        1
    Metadata Sequence No  4
    VG Access             read/write
    VG Status             resizable
    MAX LV                0
    Cur LV                3
    Open LV               3
    Max PV                0
    Cur PV                1
    Act PV                1
    VG Size               99.51 GiB
    PE Size               4.00 MiB
    Total PE              25474
    Alloc PE / Size       25458 / 99.45 GiB
    Free  PE / Size       16 / 64.00 MiB
    VG UUID               3eqQyd-9QJt-fyDL-crW2-jlN0-0tfZ-JCR91x
  ```

12. 格式化逻辑卷`/dev/nfs/data`

  ```bash
  $ mkfs.xfs /dev/nfs/data
  meta-data=/dev/nfs/data          isize=512    agcount=4, agsize=6553344 blks
           =                       sectsz=512   attr=2, projid32bit=1
           =                       crc=1        finobt=0, sparse=0
  data     =                       bsize=4096   blocks=26213376, imaxpct=25
           =                       sunit=0      swidth=0 blks
  naming   =version 2              bsize=4096   ascii-ci=0 ftype=1
  log      =internal log           bsize=4096   blocks=12799, version=2
           =                       sectsz=512   sunit=0 blks, lazy-count=1
  realtime =none                   extsz=4096   blocks=0, rtextents=0
  ```

13. 挂载逻辑卷到挂载点`/nfs/data`

  ```bash
  $ mount /dev/nfs/data /nfs/data
  $ df -h
  Filesystem               Size  Used Avail Use% Mounted on
  /dev/mapper/centos-root   50G   11G   40G  21% /
  devtmpfs                 7.8G     0  7.8G   0% /dev
  tmpfs                    7.8G     0  7.8G   0% /dev/shm
  tmpfs                    7.8G  8.6M  7.8G   1% /run
  tmpfs                    7.8G     0  7.8G   0% /sys/fs/cgroup
  /dev/sda1                497M  217M  280M  44% /boot
  /dev/mapper/centos-home   42G  429M   42G   2% /home
  tmpfs                    1.6G     0  1.6G   0% /run/user/0
  /dev/mapper/nfs-data     100G   33M  100G   1% /nfs/data
  ```

14. 修改`fstab`

  ```bash
  $ vi /etc/fstab
  $ cat /etc/fstab

  #
  # /etc/fstab
  # Created by anaconda on Sat Jul  1 03:32:12 2017
  #
  # Accessible filesystems, by reference, are maintained under '/dev/disk'
  # See man pages fstab(5), findfs(8), mount(8) and/or blkid(8) for more info
  #
  /dev/mapper/centos-root /                       xfs     defaults        0 0
  UUID=9eddaede-f69b-4bca-b146-dc1c0553aedc /boot                   xfs     defaults        0 0
  /dev/mapper/centos-home /home                   xfs     defaults        0 0
  /dev/mapper/centos-swap swap                    swap    defaults        0 0
  /dev/mapper/nfs-data 		/nfs/data               xfs     defaults        0 0
  ```

15. 重启系统

  ```bash
  $ reboot
  ```

16. 确认新逻辑卷是否自动挂载

  ```bash
  $ df -hT
  Filesystem              Type      Size  Used Avail Use% Mounted on
  /dev/mapper/centos-root xfs        50G   11G   40G  21% /
  devtmpfs                devtmpfs  7.8G     0  7.8G   0% /dev
  tmpfs                   tmpfs     7.8G     0  7.8G   0% /dev/shm
  tmpfs                   tmpfs     7.8G  8.5M  7.8G   1% /run
  tmpfs                   tmpfs     7.8G     0  7.8G   0% /sys/fs/cgroup
  /dev/sda1               xfs       497M  217M  280M  44% /boot
  /dev/mapper/nfs-data    xfs       100G   33M  100G   1% /nfs/data
  /dev/mapper/centos-home xfs        42G  429M   42G   2% /home
  tmpfs                   tmpfs     1.6G     0  1.6G   0% /run/user/0
  ```

17. 查看磁盘分区信息

  ```bash
  $ fdisk -l

  Disk /dev/sdb: 107.4 GB, 107374182400 bytes, 209715200 sectors
  Units = sectors of 1 * 512 = 512 bytes
  Sector size (logical/physical): 512 bytes / 512 bytes
  I/O size (minimum/optimal): 512 bytes / 512 bytes
  Disk label type: dos
  Disk identifier: 0xe1c7b73e

     Device Boot      Start         End      Blocks   Id  System
  /dev/sdb1            2048   209715199   104856576   8e  Linux LVM

  Disk /dev/sda: 107.4 GB, 107374182400 bytes, 209715200 sectors
  Units = sectors of 1 * 512 = 512 bytes
  Sector size (logical/physical): 512 bytes / 512 bytes
  I/O size (minimum/optimal): 512 bytes / 512 bytes
  Disk label type: dos
  Disk identifier: 0x000e712a

     Device Boot      Start         End      Blocks   Id  System
  /dev/sda1   *        2048     1026047      512000   83  Linux
  /dev/sda2         1026048   209715199   104344576   8e  Linux LVM

  Disk /dev/mapper/centos-root: 53.7 GB, 53687091200 bytes, 104857600 sectors
  Units = sectors of 1 * 512 = 512 bytes
  Sector size (logical/physical): 512 bytes / 512 bytes
  I/O size (minimum/optimal): 512 bytes / 512 bytes


  Disk /dev/mapper/centos-swap: 8455 MB, 8455716864 bytes, 16515072 sectors
  Units = sectors of 1 * 512 = 512 bytes
  Sector size (logical/physical): 512 bytes / 512 bytes
  I/O size (minimum/optimal): 512 bytes / 512 bytes


  Disk /dev/mapper/centos-home: 44.6 GB, 44635783168 bytes, 87179264 sectors
  Units = sectors of 1 * 512 = 512 bytes
  Sector size (logical/physical): 512 bytes / 512 bytes
  I/O size (minimum/optimal): 512 bytes / 512 bytes


  Disk /dev/mapper/nfs-data: 107.4 GB, 107369988096 bytes, 209707008 sectors
  Units = sectors of 1 * 512 = 512 bytes
  Sector size (logical/physical): 512 bytes / 512 bytes
  I/O size (minimum/optimal): 512 bytes / 512 bytes
  ```
