## 扩展逻辑卷

新增磁盘 `sdb` 用于扩展逻辑卷 `/dev/centos/root` 空间，由 50G 增加至 150G

### Author

[lj1218](mailto:lj_ebox@163.com)

### 命令概览

```bash
# 查看磁盘分区表，确认新增磁盘
fdisk -l

# 创建分区
fdisk /dev/sdb

# 重读分区表
partprobe

# 创建物理卷
pvcreate /dev/sdb1

# 查看物理卷
pvdisplay

# 查看卷组
vgdisplay

# 使用新建物理卷扩展卷组
vgextend centos /dev/sdb1

# 查看扩展后的卷组，如果显示容量增加，表示扩展成功
vgdisplay

# 查看物理卷
pvdisplay

# 查看磁盘容量
df –hT

# 查看逻辑卷
lvdisplay

# 扩展逻辑卷(lv)，新增 100G
lvextend -L +100G /dev/centos/root

# 查看逻辑卷
lvdisplay

# 查看磁盘容量
df –hT

# expands XFS filesystem（若文件系统为 ext2/ext3/ext4，则使用命令：resize2fs /dev/centos/root 进行扩展），文件系统类型用 df -T /dev/centos/root 查看
xfs_growfs /dev/centos/root

# 查看文件系统容量是否增加
df -hT
```

### 命令详述

1. 创建分区

  ```bash
  $ fdisk /dev/sdb
  Welcome to fdisk (util-linux 2.23.2).

  Changes will remain in memory only, until you decide to write them.
  Be careful before using the write command.

  Device does not contain a recognized partition table
  Building a new DOS disklabel with disk identifier 0xd074bc49.

  Command (m for help): p

  Disk /dev/sdb: 107.4 GB, 107374182400 bytes, 209715200 sectors
  Units = sectors of 1 * 512 = 512 bytes
  Sector size (logical/physical): 512 bytes / 512 bytes
  I/O size (minimum/optimal): 512 bytes / 512 bytes
  Disk label type: dos
  Disk identifier: 0xd074bc49

     Device Boot      Start         End      Blocks   Id  System

  Command (m for help): m
  Command action
     a   toggle a bootable flag
     b   edit bsd disklabel
     c   toggle the dos compatibility flag
     d   delete a partition
     g   create a new empty GPT partition table
     G   create an IRIX (SGI) partition table
     l   list known partition types
     m   print this menu
     n   add a new partition
     o   create a new empty DOS partition table
     p   print the partition table
     q   quit without saving changes
     s   create a new empty Sun disklabel
     t   change a partition's system id
     u   change display/entry units
     v   verify the partition table
     w   write table to disk and exit
     x   extra functionality (experts only)

  Command (m for help): n
  Partition type:
     p   primary (0 primary, 0 extended, 4 free)
     e   extended
  Select (default p): p
  Partition number (1-4, default 1):
  First sector (2048-209715199, default 2048):
  Using default value 2048
  Last sector, +sectors or +size{K,M,G} (2048-209715199, default 209715199):
  Using default value 209715199
  Partition 1 of type Linux and of size 100 GiB is set

  Command (m for help): p

  Disk /dev/sdb: 107.4 GB, 107374182400 bytes, 209715200 sectors
  Units = sectors of 1 * 512 = 512 bytes
  Sector size (logical/physical): 512 bytes / 512 bytes
  I/O size (minimum/optimal): 512 bytes / 512 bytes
  Disk label type: dos
  Disk identifier: 0xd074bc49

     Device Boot      Start         End      Blocks   Id  System
  /dev/sdb1            2048   209715199   104856576   83  Linux

  Command (m for help): t
  Selected partition 1
  Hex code (type L to list all codes): L

   0  Empty           24  NEC DOS         81  Minix / old Lin bf  Solaris
   1  FAT12           27  Hidden NTFS Win 82  Linux swap / So c1  DRDOS/sec (FAT-
   2  XENIX root      39  Plan 9          83  Linux           c4  DRDOS/sec (FAT-
   3  XENIX usr       3c  PartitionMagic  84  OS/2 hidden C:  c6  DRDOS/sec (FAT-
   4  FAT16 <32M      40  Venix 80286     85  Linux extended  c7  Syrinx
   5  Extended        41  PPC PReP Boot   86  NTFS volume set da  Non-FS data
   6  FAT16           42  SFS             87  NTFS volume set db  CP/M / CTOS / .
   7  HPFS/NTFS/exFAT 4d  QNX4.x          88  Linux plaintext de  Dell Utility
   8  AIX             4e  QNX4.x 2nd part 8e  Linux LVM       df  BootIt
   9  AIX bootable    4f  QNX4.x 3rd part 93  Amoeba          e1  DOS access
   a  OS/2 Boot Manag 50  OnTrack DM      94  Amoeba BBT      e3  DOS R/O
   b  W95 FAT32       51  OnTrack DM6 Aux 9f  BSD/OS          e4  SpeedStor
   c  W95 FAT32 (LBA) 52  CP/M            a0  IBM Thinkpad hi eb  BeOS fs
   e  W95 FAT16 (LBA) 53  OnTrack DM6 Aux a5  FreeBSD         ee  GPT
   f  W95 Ext'd (LBA) 54  OnTrackDM6      a6  OpenBSD         ef  EFI (FAT-12/16/
  10  OPUS            55  EZ-Drive        a7  NeXTSTEP        f0  Linux/PA-RISC b
  11  Hidden FAT12    56  Golden Bow      a8  Darwin UFS      f1  SpeedStor
  12  Compaq diagnost 5c  Priam Edisk     a9  NetBSD          f4  SpeedStor
  14  Hidden FAT16 <3 61  SpeedStor       ab  Darwin boot     f2  DOS secondary
  16  Hidden FAT16    63  GNU HURD or Sys af  HFS / HFS+      fb  VMware VMFS
  17  Hidden HPFS/NTF 64  Novell Netware  b7  BSDI fs         fc  VMware VMKCORE
  18  AST SmartSleep  65  Novell Netware  b8  BSDI swap       fd  Linux raid auto
  1b  Hidden W95 FAT3 70  DiskSecure Mult bb  Boot Wizard hid fe  LANstep
  1c  Hidden W95 FAT3 75  PC/IX           be  Solaris boot    ff  BBT
  1e  Hidden W95 FAT1 80  Old Minix
  Hex code (type L to list all codes): 8e
  Changed type of partition 'Linux' to 'Linux LVM'

  Command (m for help): p

  Disk /dev/sdb: 107.4 GB, 107374182400 bytes, 209715200 sectors
  Units = sectors of 1 * 512 = 512 bytes
  Sector size (logical/physical): 512 bytes / 512 bytes
  I/O size (minimum/optimal): 512 bytes / 512 bytes
  Disk label type: dos
  Disk identifier: 0xd074bc49

     Device Boot      Start         End      Blocks   Id  System
  /dev/sdb1            2048   209715199   104856576   8e  Linux LVM

  Command (m for help): w
  The partition table has been altered!

  Calling ioctl() to re-read partition table.
  Syncing disks.
  ```

2. 查看磁盘分区表

  ```bash
  $ fdisk -l
  Disk /dev/sdb: 107.4 GB, 107374182400 bytes, 209715200 sectors
  Units = sectors of 1 * 512 = 512 bytes
  Sector size (logical/physical): 512 bytes / 512 bytes
  I/O size (minimum/optimal): 512 bytes / 512 bytes
  Disk label type: dos
  Disk identifier: 0xd074bc49

     Device Boot      Start         End      Blocks   Id  System
  /dev/sdb1            2048   209715199   104856576   8e  Linux LVM

  Disk /dev/sda: 107.4 GB, 107374182400 bytes, 209715200 sectors
  Units = sectors of 1 * 512 = 512 bytes
  Sector size (logical/physical): 512 bytes / 512 bytes
  I/O size (minimum/optimal): 512 bytes / 512 bytes
  Disk label type: dos
  Disk identifier: 0x000f11c7

     Device Boot      Start         End      Blocks   Id  System
  /dev/sda1   *        2048     1026047      512000   83  Linux
  /dev/sda2         1026048   209715199   104344576   8e  Linux LVM

  Disk /dev/mapper/centos-root: 53.7 GB, 53687091200 bytes, 104857600 sectors
  Units = sectors of 1 * 512 = 512 bytes
  Sector size (logical/physical): 512 bytes / 512 bytes
  I/O size (minimum/optimal): 512 bytes / 512 bytes


  Disk /dev/mapper/centos-swap: 8455 MB, 8455716864 bytes, 16515072 sectors
  Units = sectors of 1 * 512 = 512 bytes
  Sector size (logical/physical): 512 bytes / 512 bytes
  I/O size (minimum/optimal): 512 bytes / 512 bytes


  Disk /dev/mapper/centos-home: 44.6 GB, 44635783168 bytes, 87179264 sectors
  Units = sectors of 1 * 512 = 512 bytes
  Sector size (logical/physical): 512 bytes / 512 bytes
  I/O size (minimum/optimal): 512 bytes / 512 bytes
  ```

3. 重读分区表

  ```bash
  $ partprobe
  ```

4. 查看物理卷、卷组信息

  ```bash
  $ pvdisplay
    --- Physical volume ---
    PV Name               /dev/sda2
    VG Name               centos
    PV Size               99.51 GiB / not usable 3.00 MiB
    Allocatable           yes
    PE Size               4.00 MiB
    Total PE              25474
    Free PE               16
    Allocated PE          25458
    PV UUID               p5CW0K-kwxQ-Exlc-1qZO-CdbX-YdJW-ziY6KU

  $ vgdisplay
    --- Volume group ---
    VG Name               centos
    System ID
    Format                lvm2
    Metadata Areas        1
    Metadata Sequence No  4
    VG Access             read/write
    VG Status             resizable
    MAX LV                0
    Cur LV                3
    Open LV               3
    Max PV                0
    Cur PV                1
    Act PV                1
    VG Size               99.51 GiB
    PE Size               4.00 MiB
    Total PE              25474
    Alloc PE / Size       25458 / 99.45 GiB
    Free  PE / Size       16 / 64.00 MiB
    VG UUID               Yz0Izy-siJU-UzoQ-Ptvb-Fv0y-YeOf-JtVqiW
  ```

5. 创建物理卷

  ```bash
  $ pvcreate /dev/sdb1
    Physical volume "/dev/sdb1" successfully created.
  ```

6. 查看物理卷、逻辑卷信息

  ```bash
  $ pvdisplay
    --- Physical volume ---
    PV Name               /dev/sda2
    VG Name               centos
    PV Size               99.51 GiB / not usable 3.00 MiB
    Allocatable           yes
    PE Size               4.00 MiB
    Total PE              25474
    Free PE               16
    Allocated PE          25458
    PV UUID               p5CW0K-kwxQ-Exlc-1qZO-CdbX-YdJW-ziY6KU

    "/dev/sdb1" is a new physical volume of "100.00 GiB"
    --- NEW Physical volume ---
    PV Name               /dev/sdb1
    VG Name
    PV Size               100.00 GiB
    Allocatable           NO
    PE Size               0
    Total PE              0
    Free PE               0
    Allocated PE          0
    PV UUID               mSwZdg-QDj4-txbz-zOpX-A7tQ-Gn6p-5w0KKg

  $ lvdisplay
    --- Logical volume ---
    LV Path                /dev/centos/swap
    LV Name                swap
    VG Name                centos
    LV UUID                2W2aYI-Om5A-3oGI-669W-DlLT-rYE7-u6IsJU
    LV Write Access        read/write
    LV Creation host, time repo.paas.dev, 2017-07-03 20:42:57 +0800
    LV Status              available
    # open                 2
    LV Size                7.88 GiB
    Current LE             2016
    Segments               1
    Allocation             inherit
    Read ahead sectors     auto
    - currently set to     8192
    Block device           253:1

    --- Logical volume ---
    LV Path                /dev/centos/home
    LV Name                home
    VG Name                centos
    LV UUID                GaL9rW-oyKq-YyUC-SbTL-tsd3-Eu7C-U60M1J
    LV Write Access        read/write
    LV Creation host, time repo.paas.dev, 2017-07-03 20:42:58 +0800
    LV Status              available
    # open                 1
    LV Size                41.57 GiB
    Current LE             10642
    Segments               1
    Allocation             inherit
    Read ahead sectors     auto
    - currently set to     8192
    Block device           253:2

    --- Logical volume ---
    LV Path                /dev/centos/root
    LV Name                root
    VG Name                centos
    LV UUID                sEfYbj-1LXd-DaMf-Mx5x-q4eU-lyJA-Tw0pmh
    LV Write Access        read/write
    LV Creation host, time repo.paas.dev, 2017-07-03 20:42:58 +0800
    LV Status              available
    # open                 1
    LV Size                50.00 GiB
    Current LE             12800
    Segments               1
    Allocation             inherit
    Read ahead sectors     auto
    - currently set to     8192
    Block device           253:0
  ```

7. 使用新建物理卷扩展卷组

  ```bash
  $ vgextend centos /dev/sdb1
    Volume group "centos" successfully extended
  ```

8. 查看扩展后的卷组，如果显示容量增加，表示扩展成功

  > VG Size: 99.51 GiB => 199.50 GiB

  ```bash
  $ vgdisplay
    --- Volume group ---
    VG Name               centos
    System ID
    Format                lvm2
    Metadata Areas        2
    Metadata Sequence No  6
    VG Access             read/write
    VG Status             resizable
    MAX LV                0
    Cur LV                3
    Open LV               3
    Max PV                0
    Cur PV                2
    Act PV                2
    VG Size               199.50 GiB
    PE Size               4.00 MiB
    Total PE              51073
    Alloc PE / Size       25458 / 99.45 GiB
    Free  PE / Size       25615 / 100.06 GiB
    VG UUID               Yz0Izy-siJU-UzoQ-Ptvb-Fv0y-YeOf-JtVqiW
  ```

9. 查看磁盘分区表、物理卷信息

  ```bash
  $ fdisk -l
  Disk /dev/sdb: 107.4 GB, 107374182400 bytes, 209715200 sectors
  Units = sectors of 1 * 512 = 512 bytes
  Sector size (logical/physical): 512 bytes / 512 bytes
  I/O size (minimum/optimal): 512 bytes / 512 bytes
  Disk label type: dos
  Disk identifier: 0xd074bc49

     Device Boot      Start         End      Blocks   Id  System
  /dev/sdb1            2048   209715199   104856576   8e  Linux LVM

  Disk /dev/sda: 107.4 GB, 107374182400 bytes, 209715200 sectors
  Units = sectors of 1 * 512 = 512 bytes
  Sector size (logical/physical): 512 bytes / 512 bytes
  I/O size (minimum/optimal): 512 bytes / 512 bytes
  Disk label type: dos
  Disk identifier: 0x000f11c7

     Device Boot      Start         End      Blocks   Id  System
  /dev/sda1   *        2048     1026047      512000   83  Linux
  /dev/sda2         1026048   209715199   104344576   8e  Linux LVM

  Disk /dev/mapper/centos-root: 53.7 GB, 53687091200 bytes, 104857600 sectors
  Units = sectors of 1 * 512 = 512 bytes
  Sector size (logical/physical): 512 bytes / 512 bytes
  I/O size (minimum/optimal): 512 bytes / 512 bytes


  Disk /dev/mapper/centos-swap: 8455 MB, 8455716864 bytes, 16515072 sectors
  Units = sectors of 1 * 512 = 512 bytes
  Sector size (logical/physical): 512 bytes / 512 bytes
  I/O size (minimum/optimal): 512 bytes / 512 bytes


  Disk /dev/mapper/centos-home: 44.6 GB, 44635783168 bytes, 87179264 sectors
  Units = sectors of 1 * 512 = 512 bytes
  Sector size (logical/physical): 512 bytes / 512 bytes
  I/O size (minimum/optimal): 512 bytes / 512 bytes

  $ pvdisplay
    --- Physical volume ---
    PV Name               /dev/sda2
    VG Name               centos
    PV Size               99.51 GiB / not usable 3.00 MiB
    Allocatable           yes
    PE Size               4.00 MiB
    Total PE              25474
    Free PE               16
    Allocated PE          25458
    PV UUID               p5CW0K-kwxQ-Exlc-1qZO-CdbX-YdJW-ziY6KU

    --- Physical volume ---
    PV Name               /dev/sdb1
    VG Name               centos
    PV Size               100.00 GiB / not usable 3.00 MiB
    Allocatable           yes
    PE Size               4.00 MiB
    Total PE              25599
    Free PE               25599
    Allocated PE          0
    PV UUID               mSwZdg-QDj4-txbz-zOpX-A7tQ-Gn6p-5w0KKg
  ```

10. 查看磁盘信息

  ```bash
  $ df -hT
  Filesystem              Type      Size  Used Avail Use% Mounted on
  /dev/mapper/centos-root xfs        50G   50G  733M  99% /
  devtmpfs                devtmpfs  7.8G     0  7.8G   0% /dev
  tmpfs                   tmpfs     7.8G     0  7.8G   0% /dev/shm
  tmpfs                   tmpfs     7.8G   49M  7.8G   1% /run
  tmpfs                   tmpfs     7.8G     0  7.8G   0% /sys/fs/cgroup
  /dev/sda1               xfs       497M  158M  339M  32% /boot
  tmpfs                   tmpfs     1.6G     0  1.6G   0% /run/user/0
  /dev/mapper/centos-home xfs        42G  8.3G   34G  20% /home
  ```

11. 扩展逻辑卷(lv)，新增 100G

  ```bash
  $ lvextend -L +100G /dev/centos/root
    Size of logical volume centos/root changed from 50.00 GiB (12800 extents) to 150.00 GiB (38400 extents).
    Logical volume centos/root successfully resized.
  ```

12. 扩展文件系统

  - 查看文件系统类型

    ```bash
    $ df -hT /dev/centos/root
    Filesystem              Type      Size  Used Avail Use% Mounted on
    /dev/mapper/centos-root xfs        50G   50G  664M  99% /
    ```

  - 扩展文件系统 (XFS)

    ```bash
    $ xfs_growfs /dev/centos/root
    meta-data=/dev/mapper/centos-root isize=256    agcount=4, agsize=3276800 blks
             =                       sectsz=512   attr=2, projid32bit=1
             =                       crc=0        finobt=0 spinodes=0
    data     =                       bsize=4096   blocks=13107200, imaxpct=25
             =                       sunit=0      swidth=0 blks
    naming   =version 2              bsize=4096   ascii-ci=0 ftype=0
    log      =internal               bsize=4096   blocks=6400, version=2
             =                       sectsz=512   sunit=0 blks, lazy-count=1
    realtime =none                   extsz=4096   blocks=0, rtextents=0
    data blocks changed from 13107200 to 39321600
    ```

    > 若文件系统为 `ext2/ext3/ext4`，则使用命令 `resize2fs /dev/centos/root` 进行扩展

13. 查看文件系统容量是否增加

  ```bash
  $ df -h
  Filesystem               Size  Used Avail Use% Mounted on
  /dev/mapper/centos-root  150G   50G  101G  33% /
  devtmpfs                 7.8G     0  7.8G   0% /dev
  tmpfs                    7.8G     0  7.8G   0% /dev/shm
  tmpfs                    7.8G   49M  7.8G   1% /run
  tmpfs                    7.8G     0  7.8G   0% /sys/fs/cgroup
  /dev/sda1                497M  158M  339M  32% /boot
  tmpfs                    1.6G     0  1.6G   0% /run/user/0
  /dev/mapper/centos-home   42G  8.3G   34G  20% /home
  ```
