## 缩小逻辑卷容量

缩小逻辑卷 `/dev/centos/home` 容量，将其减小 30G

### Author

[lj1218](mailto:lj_ebox@163.com)

### 命令概览

```bash
# 卸载逻辑卷
umout /home

# 逻辑卷减小 30G
lvreduce -L -30G /dev/centos/home

# 强制格式化逻辑卷
mkfs.xfs -f /dev/centos/home

# 重新挂载
mount /dev/mapper/centos-home /home

# 查看磁盘容量
df –hT
```

### 命令详述

1. 查看磁盘容量

  ```bash
  $ df -h
  Filesystem               Size  Used Avail Use% Mounted on
  /dev/mapper/centos-root  150G   55G   96G  37% /
  devtmpfs                 7.8G     0  7.8G   0% /dev
  tmpfs                    7.8G     0  7.8G   0% /dev/shm
  tmpfs                    7.8G   49M  7.8G   1% /run
  tmpfs                    7.8G     0  7.8G   0% /sys/fs/cgroup
  /dev/sda1                497M  158M  339M  32% /boot
  tmpfs                    1.6G     0  1.6G   0% /run/user/0
  /dev/mapper/centos-home   42G  8.3G   34G  20% /home
  ```

2. 卸载逻辑卷

  ```bash
  $ umout /home
  $ df -h
  Filesystem               Size  Used Avail Use% Mounted on
  /dev/mapper/centos-root  150G   55G   96G  37% /
  devtmpfs                 7.8G     0  7.8G   0% /dev
  tmpfs                    7.8G     0  7.8G   0% /dev/shm
  tmpfs                    7.8G   49M  7.8G   1% /run
  tmpfs                    7.8G     0  7.8G   0% /sys/fs/cgroup
  /dev/sda1                497M  158M  339M  32% /boot
  tmpfs                    1.6G     0  1.6G   0% /run/user/0
  ```

3. 查看逻辑卷

  ```bash
  $ lvdisplay
    --- Logical volume ---
    LV Path                /dev/centos/swap
    LV Name                swap
    VG Name                centos
    LV UUID                2W2aYI-Om5A-3oGI-669W-DlLT-rYE7-u6IsJU
    LV Write Access        read/write
    LV Creation host, time repo.paas.dev, 2017-07-03 20:42:57 +0800
    LV Status              available
    # open                 2
    LV Size                7.88 GiB
    Current LE             2016
    Segments               1
    Allocation             inherit
    Read ahead sectors     auto
    - currently set to     8192
    Block device           253:1

    --- Logical volume ---
    LV Path                /dev/centos/home
    LV Name                home
    VG Name                centos
    LV UUID                GaL9rW-oyKq-YyUC-SbTL-tsd3-Eu7C-U60M1J
    LV Write Access        read/write
    LV Creation host, time repo.paas.dev, 2017-07-03 20:42:58 +0800
    LV Status              available
    # open                 0
    LV Size                41.57 GiB
    Current LE             10642
    Segments               1
    Allocation             inherit
    Read ahead sectors     auto
    - currently set to     8192
    Block device           253:2

    --- Logical volume ---
    LV Path                /dev/centos/root
    LV Name                root
    VG Name                centos
    LV UUID                sEfYbj-1LXd-DaMf-Mx5x-q4eU-lyJA-Tw0pmh
    LV Write Access        read/write
    LV Creation host, time repo.paas.dev, 2017-07-03 20:42:58 +0800
    LV Status              available
    # open                 1
    LV Size                150.00 GiB
    Current LE             38400
    Segments               2
    Allocation             inherit
    Read ahead sectors     auto
    - currently set to     8192
    Block device           253:0
  ```

4. 逻辑卷减小 30G

  ```bash
  $ lvreduce -L -30G /dev/centos/home
    WARNING: Reducing active logical volume to 11.57 GiB.
    THIS MAY DESTROY YOUR DATA (filesystem etc.)
  Do you really want to reduce centos/home? [y/n]: y
    Size of logical volume centos/home changed from 41.57 GiB (10642 extents) to 11.57 GiB (2962 extents).
    Logical volume centos/home successfully resized.
  ```

5. 再次查看逻辑卷

  ```bash
  $ lvdisplay
    --- Logical volume ---
    LV Path                /dev/centos/swap
    LV Name                swap
    VG Name                centos
    LV UUID                2W2aYI-Om5A-3oGI-669W-DlLT-rYE7-u6IsJU
    LV Write Access        read/write
    LV Creation host, time repo.paas.dev, 2017-07-03 20:42:57 +0800
    LV Status              available
    # open                 2
    LV Size                7.88 GiB
    Current LE             2016
    Segments               1
    Allocation             inherit
    Read ahead sectors     auto
    - currently set to     8192
    Block device           253:1

    --- Logical volume ---
    LV Path                /dev/centos/home
    LV Name                home
    VG Name                centos
    LV UUID                GaL9rW-oyKq-YyUC-SbTL-tsd3-Eu7C-U60M1J
    LV Write Access        read/write
    LV Creation host, time repo.paas.dev, 2017-07-03 20:42:58 +0800
    LV Status              available
    # open                 0
    LV Size                11.57 GiB
    Current LE             2962
    Segments               1
    Allocation             inherit
    Read ahead sectors     auto
    - currently set to     8192
    Block device           253:2

    --- Logical volume ---
    LV Path                /dev/centos/root
    LV Name                root
    VG Name                centos
    LV UUID                sEfYbj-1LXd-DaMf-Mx5x-q4eU-lyJA-Tw0pmh
    LV Write Access        read/write
    LV Creation host, time repo.paas.dev, 2017-07-03 20:42:58 +0800
    LV Status              available
    # open                 1
    LV Size                150.00 GiB
    Current LE             38400
    Segments               2
    Allocation             inherit
    Read ahead sectors     auto
    - currently set to     8192
    Block device           253:0
  ```

  > /dev/centos/home LV Size 已减少 30G

6. 查看 /etc/fstab (开机自动挂载表)

  ```bash
  $ cat /etc/fstab
  #
  # /etc/fstab
  # Created by anaconda on Mon Jul  3 20:43:00 2017
  #
  # Accessible filesystems, by reference, are maintained under '/dev/disk'
  # See man pages fstab(5), findfs(8), mount(8) and/or blkid(8) for more info
  #
  /dev/mapper/centos-root /                       xfs     defaults        0 0
  UUID=c7d4899c-c9c9-481b-a6d1-a8e6586ea765 /boot                   xfs     defaults        0 0
  /dev/mapper/centos-home /home                   xfs     defaults        0 0
  /dev/mapper/centos-swap swap                    swap    defaults        0 0
  ```

7. 查看卷组

  ```bash
  $ vgdisplay
    --- Volume group ---
    VG Name               centos
    System ID
    Format                lvm2
    Metadata Areas        2
    Metadata Sequence No  8
    VG Access             read/write
    VG Status             resizable
    MAX LV                0
    Cur LV                3
    Open LV               2
    Max PV                0
    Cur PV                2
    Act PV                2
    VG Size               199.50 GiB
    PE Size               4.00 MiB
    Total PE              51073
    Alloc PE / Size       43378 / 169.45 GiB
    Free  PE / Size       7695 / 30.06 GiB
    VG UUID               Yz0Izy-siJU-UzoQ-Ptvb-Fv0y-YeOf-JtVqiW
  ```

  > VG centos Free Size 多出 30 G，为 30.06 GiB

8. 强制格式化逻辑卷

  ```bash
  $ mkfs.xfs -f /dev/centos/home
    meta-data=/dev/centos/home       isize=512    agcount=4, agsize=758272 blks
           =                       sectsz=512   attr=2, projid32bit=1
           =                       crc=1        finobt=0, sparse=0
  data     =                       bsize=4096   blocks=3033088, imaxpct=25
           =                       sunit=0      swidth=0 blks
  naming   =version 2              bsize=4096   ascii-ci=0 ftype=1
  log      =internal log           bsize=4096   blocks=2560, version=2
           =                       sectsz=512   sunit=0 blks, lazy-count=1
  realtime =none                   extsz=4096   blocks=0, rtextents=0
  ```

  > /dev/mapper/centos-home 无法挂载到 /home，报错如下：

  ```bash
  $ mount /dev/mapper/centos-home /home
  mount: /dev/mapper/centos-home: can't read superblock
  ```

  > 文件系统无法挂载了，只能格式化逻辑卷：

  ```bash
  $ mkfs.xfs /dev/centos/home
  mkfs.xfs: /dev/centos/home appears to contain an existing filesystem (xfs).
  mkfs.xfs: Use the -f option to force overwrite.
  ```

  > 格式化逻辑卷报错，因此强制执行。

9. 重新挂载

  ```bash
  $ mount /dev/mapper/centos-home /home
  $ ls -l /home
  total 0
  ```

10. 再次查看磁盘容量

  ```bash
  $ df -hT
  Filesystem              Type      Size  Used Avail Use% Mounted on
  /dev/mapper/centos-root xfs       150G   55G   96G  37% /
  devtmpfs                devtmpfs  7.8G     0  7.8G   0% /dev
  tmpfs                   tmpfs     7.8G     0  7.8G   0% /dev/shm
  tmpfs                   tmpfs     7.8G   49M  7.8G   1% /run
  tmpfs                   tmpfs     7.8G     0  7.8G   0% /sys/fs/cgroup
  /dev/sda1               xfs       497M  158M  339M  32% /boot
  tmpfs                   tmpfs     1.6G     0  1.6G   0% /run/user/0
  /dev/mapper/centos-home xfs        12G   33M   12G   1% /home
  ```

至此，逻辑卷已成功减小 30G，vg 多出的容量可以分配给其他 lv（如 `/dev/centos/root `）。
